<area shape="rect" href="$class_living_colors.html#b5c329a571196e5a7f42eff81ee51280" title="LivingColors::init" alt="" coords="289,5,404,32">
<area shape="rect" href="$class_living_colors.html#bc7cb81c4e9e8917edae31ca0d888b96" title="LivingColors::learnLamps" alt="" coords="264,56,429,83">
<area shape="rect" href="$class_living_colors.html#cd05ccb74a93b857a8553136beaa3d3f" title="LivingColors::sendCommand" alt="" coords="255,107,439,133">
<area shape="rect" href="$class_living_colors.html#8cd9214bd27021570162a3dc5af3f58a" title="LivingColors::setLampColourHSV" alt="" coords="489,5,700,32">
<area shape="rect" href="$class_living_colors.html#7b1f9429c822d22f9d6832e6b055814f" title="LivingColors::setLampColourRGB" alt="" coords="488,56,701,83">
<area shape="rect" href="$class_living_colors.html#9c27d56eff47cb255b4f957fb6c3c8a0" title="LivingColors::turnLampOff" alt="" coords="511,107,679,133">
<area shape="rect" href="$class_living_colors.html#f5060062782d6c0c338d40076438ffa4" title="LivingColors::turnLampOnHSV" alt="" coords="497,157,692,184">
<area shape="rect" href="$class_living_colors.html#4b882e958dff94caa0867877cb999d23" title="LivingColors::turnLampOnRGB" alt="" coords="496,208,693,235">
