<area shape="rect" href="$class_c_c2500.html#a624e96f2a93c24808fc204aee15e261" title="CC2500::reset" alt="" coords="205,6,309,32">
<area shape="rect" href="$class_c_c2500.html#c48fae570a0ae39fbdb4b8c6f1d23b58" title="CC2500::sendBurstCommand" alt="" coords="375,158,567,184">
<area shape="rect" href="$class_c_c2500.html#37783ba471d0e96c961a1916052aa7c1" title="CC2500::sendByte" alt="" coords="192,158,323,184">
<area shape="rect" href="$class_c_c2500.html#7f02d4d3155d0afd8500277d4f7f4aa5" title="CC2500::sendCommand" alt="" coords="389,56,552,83">
<area shape="rect" href="$class_living_colors.html#b5c329a571196e5a7f42eff81ee51280" title="LivingColors::init" alt="" coords="655,56,769,83">
<area shape="rect" href="$class_living_colors.html#bc7cb81c4e9e8917edae31ca0d888b96" title="LivingColors::learnLamps" alt="" coords="629,107,795,134">
<area shape="rect" href="$class_living_colors.html#cd05ccb74a93b857a8553136beaa3d3f" title="LivingColors::sendCommand" alt="" coords="620,158,804,184">
<area shape="rect" href="$class_living_colors.html#8cd9214bd27021570162a3dc5af3f58a" title="LivingColors::setLampColourHSV" alt="" coords="855,56,1065,83">
<area shape="rect" href="$class_living_colors.html#7b1f9429c822d22f9d6832e6b055814f" title="LivingColors::setLampColourRGB" alt="" coords="853,107,1067,134">
<area shape="rect" href="$class_living_colors.html#9c27d56eff47cb255b4f957fb6c3c8a0" title="LivingColors::turnLampOff" alt="" coords="876,158,1044,184">
<area shape="rect" href="$class_living_colors.html#f5060062782d6c0c338d40076438ffa4" title="LivingColors::turnLampOnHSV" alt="" coords="863,208,1057,235">
<area shape="rect" href="$class_living_colors.html#4b882e958dff94caa0867877cb999d23" title="LivingColors::turnLampOnRGB" alt="" coords="861,259,1059,286">
<area shape="rect" href="$class_c_c2500.html#9affed02875e355b67acb49da89e895e" title="CC2500::sendStrobeCommand" alt="" coords="371,107,571,134">
